// Jest Snapshot v1, https://goo.gl/fbAQLP

exports[`renders correctly 1`] = `
Array [
  <p>
    Current user: 
    John Traore
  </p>,
  <p>
    Add your App components here
  </p>,
  <button
    onClick={[Function]}
  >
    Click to show feedback
  </button>,
]
`;
